import android.widget.LinearLayout
import android.view.View
import pl.ghostbuster.grooid.*
import com.custom.packagename.*

class LayoutWithCustomPackageTestCase {

    public final CustomObject nestedImageView


    public LayoutWithCustomPackageTestCase(View itemView){
          nestedImageView = (CustomObject) itemView.findViewById(R.id.nested_image_view)
    }
}
